train=106f  test=26f

Resuming: ['I'] already have results
=== fluent_vs_I  (already done, skipping) ===

=== fluent_vs_PR ===
  raw train: (5815892, 315)  test: (1549430, 315)
  train counts: {np.int64(0): np.int64(5757375), np.int64(1): np.int64(58517)}
  test  counts: {np.int64(0): np.int64(1537557), np.int64(1): np.int64(11873)}
  post-SMOTE: (1000000, 315)
  RESULT  acc=0.8352  AUC=0.7935  pos-PR F1=0.0507 (P=0.0265, R=0.5737)  Fluent F1=0.9098  (paper: acc=0.9821, F1=0.979)  [295s]

=== fluent_vs_PhR ===
  raw train: (5815892, 315)  test: (1549430, 315)
  train counts: {np.int64(0): np.int64(5697137), np.int64(1): np.int64(118755)}
  test  counts: {np.int64(0): np.int64(1530996), np.int64(1): np.int64(18434)}
  post-SMOTE: (1000000, 315)
  RESULT  acc=0.8632  AUC=0.6029  pos-PhR F1=0.0401 (P=0.0219, R=0.2400)  Fluent F1=0.9263  (paper: acc=0.8102, F1=0.814)  [295s]

=== fluent_vs_WR ===
  raw train: (5815892, 315)  test: (1549430, 315)
  train counts: {np.int64(0): np.int64(5748373), np.int64(1): np.int64(67519)}
  test  counts: {np.int64(0): np.int64(1524515), np.int64(1): np.int64(24915)}
  post-SMOTE: (1000000, 315)
  RESULT  acc=0.8145  AUC=0.5541  pos-WR F1=0.0354 (P=0.0193, R=0.2115)  Fluent F1=0.8974  (paper: acc=0.9332, F1=0.931)  [301s]

=== fluent_vs_PWR ===
  raw train: (5815892, 315)  test: (1549430, 315)
  train counts: {np.int64(0): np.int64(5688325), np.int64(1): np.int64(127567)}
  test  counts: {np.int64(0): np.int64(1520048), np.int64(1): np.int64(29382)}
  post-SMOTE: (1000000, 315)
  RESULT  acc=0.8004  AUC=0.6050  pos-PWR F1=0.0513 (P=0.0282, R=0.2848)  Fluent F1=0.8884  (paper: acc=0.9295, F1=0.927)  [294s]


==========================================================================================
class   paper acc   paper F1     ours acc  ours AUC  ours pos-F1  ours Fluent-F1
==========================================================================================
  I       93.84%      0.937      86.86%    0.779       0.130          0.929
  PR      98.21%      0.979      83.52%    0.793       0.051          0.910
  PhR     81.02%      0.814      86.32%    0.603       0.040          0.926
  WR      93.32%      0.931      81.45%    0.554       0.035          0.897
  PWR     92.95%      0.927      80.04%    0.605       0.051          0.888

Saved -> results/paper_repro_all_classes.json
